// Jest Snapshot v1, https://goo.gl/fbAQLP

exports[`Footer component matches snapshot 1`] = `
<DocumentFragment>
  <footer
    class="footer"
  >
    <p>
      Simulation: Application vente de billets pour les Jeux Olympiques 2024
    </p>
  </footer>
</DocumentFragment>
`;
