// Jest Snapshot v1, https://goo.gl/fbAQLP

exports[`Header component matches snapshot 1`] = `
<DocumentFragment>
  <header
    class="header"
  >
    <div
      class="logo"
    >
      <a
        href="/"
      >
        <img
          alt="og-tickets logo"
          src="/og-tickets-w.svg"
        />
      </a>
    </div>
    <nav>
      <ul
        class="nav-links"
      >
        <li>
          <a
            data-discover="true"
            data-testid="nav-link-events"
            href="/epreuves"
          >
            Les épreuves
          </a>
        </li>
        <li>
          <a
            data-discover="true"
            data-testid="nav-link-offers"
            href="/offres"
          >
            Nos offres
          </a>
        </li>
      </ul>
      <ul
        class="nav-links"
      >
        <li>
          <a
            class="iconlink"
            data-discover="true"
            data-testid="nav-link-cart"
            href="/panier"
          >
            <span
              class="nav-link-icon cart"
            >
              <svg
                fill="currentColor"
                height="1em"
                stroke="currentColor"
                stroke-width="0"
                viewBox="0 0 448 512"
                width="1em"
                xmlns="http://www.w3.org/2000/svg"
              >
                <path
                  d="M352 160v-32C352 57.42 294.579 0 224 0 153.42 0 96 57.42 96 128v32H0v272c0 44.183 35.817 80 80 80h288c44.183 0 80-35.817 80-80V160h-96zm-192-32c0-35.29 28.71-64 64-64s64 28.71 64 64v32H160v-32zm160 120c-13.255 0-24-10.745-24-24s10.745-24 24-24 24 10.745 24 24-10.745 24-24 24zm-192 0c-13.255 0-24-10.745-24-24s10.745-24 24-24 24 10.745 24 24-10.745 24-24 24z"
                />
              </svg>
            </span>
            <span
              class="nav-link-text"
            >
              Panier
            </span>
          </a>
        </li>
        <li>
          <a
            class="iconlink"
            data-discover="true"
            data-testid="nav-link-login"
            href="/acces"
          >
            <span
              class="nav-link-icon user"
            >
              <svg
                fill="currentColor"
                height="1em"
                stroke="currentColor"
                stroke-width="0"
                viewBox="0 0 384 512"
                width="1em"
                xmlns="http://www.w3.org/2000/svg"
              >
                <path
                  d="M120 72c0-39.765 32.235-72 72-72s72 32.235 72 72c0 39.764-32.235 72-72 72s-72-32.236-72-72zm254.627 1.373c-12.496-12.497-32.758-12.497-45.254 0L242.745 160H141.254L54.627 73.373c-12.496-12.497-32.758-12.497-45.254 0-12.497 12.497-12.497 32.758 0 45.255L104 213.254V480c0 17.673 14.327 32 32 32h16c17.673 0 32-14.327 32-32V368h16v112c0 17.673 14.327 32 32 32h16c17.673 0 32-14.327 32-32V213.254l94.627-94.627c12.497-12.497 12.497-32.757 0-45.254z"
                />
              </svg>
            </span>
            <span
              class="nav-link-text"
            >
              Connexion
            </span>
          </a>
        </li>
      </ul>
      <div
        class="burger-menu"
      >
        <svg
          fill="currentColor"
          height="1em"
          stroke="currentColor"
          stroke-width="0"
          viewBox="0 0 448 512"
          width="1em"
          xmlns="http://www.w3.org/2000/svg"
        >
          <path
            d="M16 132h416c8.837 0 16-7.163 16-16V76c0-8.837-7.163-16-16-16H16C7.163 60 0 67.163 0 76v40c0 8.837 7.163 16 16 16zm0 160h416c8.837 0 16-7.163 16-16v-40c0-8.837-7.163-16-16-16H16c-8.837 0-16 7.163-16 16v40c0 8.837 7.163 16 16 16zm0 160h416c8.837 0 16-7.163 16-16v-40c0-8.837-7.163-16-16-16H16c-8.837 0-16 7.163-16 16v40c0 8.837 7.163 16 16 16z"
          />
        </svg>
      </div>
      <div
        class="mobile-nav "
      >
        <ul
          class="nav-links"
        >
          <li>
            <a
              data-discover="true"
              data-testid="nav-link-events"
              href="/epreuves"
            >
              Les épreuves
            </a>
          </li>
          <li>
            <a
              data-discover="true"
              data-testid="nav-link-offers"
              href="/offres"
            >
              Nos offres
            </a>
          </li>
        </ul>
        <ul
          class="nav-links"
        >
          <li>
            <a
              class="iconlink"
              data-discover="true"
              data-testid="nav-link-cart"
              href="/panier"
            >
              <span
                class="nav-link-icon cart"
              >
                <svg
                  fill="currentColor"
                  height="1em"
                  stroke="currentColor"
                  stroke-width="0"
                  viewBox="0 0 448 512"
                  width="1em"
                  xmlns="http://www.w3.org/2000/svg"
                >
                  <path
                    d="M352 160v-32C352 57.42 294.579 0 224 0 153.42 0 96 57.42 96 128v32H0v272c0 44.183 35.817 80 80 80h288c44.183 0 80-35.817 80-80V160h-96zm-192-32c0-35.29 28.71-64 64-64s64 28.71 64 64v32H160v-32zm160 120c-13.255 0-24-10.745-24-24s10.745-24 24-24 24 10.745 24 24-10.745 24-24 24zm-192 0c-13.255 0-24-10.745-24-24s10.745-24 24-24 24 10.745 24 24-10.745 24-24 24z"
                  />
                </svg>
              </span>
              <span
                class="nav-link-text"
              >
                Panier
              </span>
            </a>
          </li>
          <li>
            <a
              class="iconlink"
              data-discover="true"
              data-testid="nav-link-login"
              href="/acces"
            >
              <span
                class="nav-link-icon user"
              >
                <svg
                  fill="currentColor"
                  height="1em"
                  stroke="currentColor"
                  stroke-width="0"
                  viewBox="0 0 384 512"
                  width="1em"
                  xmlns="http://www.w3.org/2000/svg"
                >
                  <path
                    d="M120 72c0-39.765 32.235-72 72-72s72 32.235 72 72c0 39.764-32.235 72-72 72s-72-32.236-72-72zm254.627 1.373c-12.496-12.497-32.758-12.497-45.254 0L242.745 160H141.254L54.627 73.373c-12.496-12.497-32.758-12.497-45.254 0-12.497 12.497-12.497 32.758 0 45.255L104 213.254V480c0 17.673 14.327 32 32 32h16c17.673 0 32-14.327 32-32V368h16v112c0 17.673 14.327 32 32 32h16c17.673 0 32-14.327 32-32V213.254l94.627-94.627c12.497-12.497 12.497-32.757 0-45.254z"
                  />
                </svg>
              </span>
              <span
                class="nav-link-text"
              >
                Connexion
              </span>
            </a>
          </li>
        </ul>
      </div>
    </nav>
  </header>
</DocumentFragment>
`;
