// Jest Snapshot v1, https://goo.gl/fbAQLP

exports[`Footer component matches snapshot 1`] = `
<DocumentFragment>
  <footer
    class="footer"
  >
    <p>
      © 2024 Jeux Olympiques - Tous droits réservés
    </p>
  </footer>
</DocumentFragment>
`;
